../Core/Src/main.c:118:6:writeLog	16	static
../Core/Src/main.c:154:6:HAL_TIM_PeriodElapsedCallback	16	static
../Core/Src/main.c:173:6:PWM_Start	8	static
../Core/Src/main.c:178:6:PWM_Change_Tone	40	static
../Core/Src/main.c:202:6:warn	16	static
../Core/Src/main.c:218:6:warnOff	8	static
../Core/Src/main.c:232:6:HAL_ADC_ConvCpltCallback	24	static
../Core/Src/main.c:262:6:setDimstep	16	static
../Core/Src/main.c:278:6:setLights	16	static
../Core/Src/main.c:288:6:setWarnnum	16	static
../Core/Src/main.c:298:6:HAL_UART_RxCpltCallback	16	static
../Core/Src/main.c:329:6:display_digit	24	static
../Core/Src/main.c:349:6:HAL_GPIO_EXTI_Callback	16	static
../Core/Src/main.c:397:5:main	32	static
../Core/Src/main.c:485:6:SystemClock_Config	128	static
../Core/Src/main.c:539:13:MX_ADC1_Init	48	static
../Core/Src/main.c:605:13:MX_ADC2_Init	32	static
../Core/Src/main.c:662:13:MX_I2C1_Init	8	static
../Core/Src/main.c:710:13:MX_SPI1_Init	8	static
../Core/Src/main.c:750:13:MX_TIM1_Init	112	static
../Core/Src/main.c:842:13:MX_TIM2_Init	48	static
../Core/Src/main.c:891:13:MX_TIM3_Init	40	static
../Core/Src/main.c:936:13:MX_USART2_UART_Init	8	static
../Core/Src/main.c:971:13:MX_USB_PCD_Init	8	static
../Core/Src/main.c:1002:13:MX_GPIO_Init	56	static
../Core/Src/main.c:1084:6:Error_Handler	4	static,ignoring_inline_asm
