../Core/Src/main.c:122:6:writeLog	16	static
../Core/Src/main.c:157:6:HAL_TIM_PeriodElapsedCallback	16	static
../Core/Src/main.c:176:6:Buzzer_PWM_Start	8	static
../Core/Src/main.c:181:6:Buzzer_PWM_Stop	8	static
../Core/Src/main.c:186:6:PWM_Change_Tone	40	static
../Core/Src/main.c:210:6:warn	16	static
../Core/Src/main.c:224:6:warnOff	8	static
../Core/Src/main.c:238:6:Update_LEDs	16	static
../Core/Src/main.c:247:6:HAL_ADC_ConvCpltCallback	32	static
../Core/Src/main.c:314:6:setDimstep	16	static
../Core/Src/main.c:327:6:setLights	16	static
../Core/Src/main.c:337:6:setWarnnum	16	static
../Core/Src/main.c:347:6:HAL_UART_RxCpltCallback	16	static
../Core/Src/main.c:378:6:display_digit	24	static
../Core/Src/main.c:398:6:HAL_GPIO_EXTI_Callback	16	static
../Core/Src/main.c:448:6:End_Calibrate	8	static
../Core/Src/main.c:468:5:main	32	static
../Core/Src/main.c:558:6:SystemClock_Config	128	static
../Core/Src/main.c:610:13:MX_ADC1_Init	48	static
../Core/Src/main.c:676:13:MX_ADC4_Init	32	static
../Core/Src/main.c:733:13:MX_I2C1_Init	8	static
../Core/Src/main.c:781:13:MX_SPI1_Init	8	static
../Core/Src/main.c:821:13:MX_TIM1_Init	112	static
../Core/Src/main.c:913:13:MX_TIM2_Init	48	static
../Core/Src/main.c:962:13:MX_TIM3_Init	40	static
../Core/Src/main.c:1007:13:MX_USART2_UART_Init	8	static
../Core/Src/main.c:1042:13:MX_USB_PCD_Init	8	static
../Core/Src/main.c:1073:13:MX_GPIO_Init	56	static
../Core/Src/main.c:1155:6:Error_Handler	4	static,ignoring_inline_asm
