../Core/Src/main.c:105:6:HAL_TIM_PeriodElapsedCallback	16	static
../Core/Src/main.c:124:6:PWM_Start	8	static
../Core/Src/main.c:129:6:PWM_Change_Tone	40	static
../Core/Src/main.c:153:6:warn	8	static
../Core/Src/main.c:164:6:warnOff	8	static
../Core/Src/main.c:175:6:HAL_ADC_ConvCpltCallback	24	static
../Core/Src/main.c:207:6:setDimstep	16	static
../Core/Src/main.c:219:6:setLights	16	static
../Core/Src/main.c:229:6:setWarnnum	16	static
../Core/Src/main.c:239:6:commandExtract	32	static
../Core/Src/main.c:248:6:HAL_UART_RxCpltCallback	16	static
../Core/Src/main.c:279:6:display_digit	24	static
../Core/Src/main.c:299:6:HAL_GPIO_EXTI_Callback	16	static
../Core/Src/main.c:344:5:main	32	static
../Core/Src/main.c:431:6:SystemClock_Config	128	static
../Core/Src/main.c:485:13:MX_ADC1_Init	48	static
../Core/Src/main.c:551:13:MX_I2C1_Init	8	static
../Core/Src/main.c:599:13:MX_SPI1_Init	8	static
../Core/Src/main.c:639:13:MX_TIM1_Init	112	static
../Core/Src/main.c:731:13:MX_TIM2_Init	48	static
../Core/Src/main.c:780:13:MX_TIM3_Init	40	static
../Core/Src/main.c:825:13:MX_USART2_UART_Init	8	static
../Core/Src/main.c:860:13:MX_USB_PCD_Init	8	static
../Core/Src/main.c:891:13:MX_GPIO_Init	56	static
../Core/Src/main.c:973:6:Error_Handler	4	static,ignoring_inline_asm
