../Core/Src/stm32f3xx_it.c:73:6:NMI_Handler	4	static
../Core/Src/stm32f3xx_it.c:88:6:HardFault_Handler	4	static
../Core/Src/stm32f3xx_it.c:103:6:MemManage_Handler	4	static
../Core/Src/stm32f3xx_it.c:118:6:BusFault_Handler	4	static
../Core/Src/stm32f3xx_it.c:133:6:UsageFault_Handler	4	static
../Core/Src/stm32f3xx_it.c:148:6:SVC_Handler	4	static
../Core/Src/stm32f3xx_it.c:161:6:DebugMon_Handler	4	static
../Core/Src/stm32f3xx_it.c:174:6:PendSV_Handler	4	static
../Core/Src/stm32f3xx_it.c:187:6:SysTick_Handler	8	static
../Core/Src/stm32f3xx_it.c:208:6:ADC1_2_IRQHandler	8	static
../Core/Src/stm32f3xx_it.c:233:6:EXTI9_5_IRQHandler	8	static
../Core/Src/stm32f3xx_it.c:249:6:TIM1_BRK_TIM15_IRQHandler	8	static
../Core/Src/stm32f3xx_it.c:263:6:TIM1_UP_TIM16_IRQHandler	8	static
../Core/Src/stm32f3xx_it.c:277:6:TIM1_TRG_COM_TIM17_IRQHandler	8	static
../Core/Src/stm32f3xx_it.c:291:6:TIM1_CC_IRQHandler	8	static
../Core/Src/stm32f3xx_it.c:305:6:TIM3_IRQHandler	8	static
../Core/Src/stm32f3xx_it.c:319:6:USART2_IRQHandler	8	static
../Core/Src/stm32f3xx_it.c:333:6:ADC4_IRQHandler	8	static
