../Core/Src/stm32f3xx_hal_msp.c:65:6:HAL_MspInit	16	static
../Core/Src/stm32f3xx_hal_msp.c:91:6:HAL_ADC_MspInit	56	static
../Core/Src/stm32f3xx_hal_msp.c:157:6:HAL_ADC_MspDeInit	16	static
../Core/Src/stm32f3xx_hal_msp.c:226:6:HAL_I2C_MspInit	48	static
../Core/Src/stm32f3xx_hal_msp.c:262:6:HAL_I2C_MspDeInit	16	static
../Core/Src/stm32f3xx_hal_msp.c:293:6:HAL_SPI_MspInit	48	static
../Core/Src/stm32f3xx_hal_msp.c:330:6:HAL_SPI_MspDeInit	16	static
../Core/Src/stm32f3xx_hal_msp.c:360:6:HAL_TIM_Base_MspInit	24	static
../Core/Src/stm32f3xx_hal_msp.c:405:6:HAL_TIM_PWM_MspInit	24	static
../Core/Src/stm32f3xx_hal_msp.c:421:6:HAL_TIM_MspPostInit	48	static
../Core/Src/stm32f3xx_hal_msp.c:476:6:HAL_TIM_Base_MspDeInit	16	static
../Core/Src/stm32f3xx_hal_msp.c:518:6:HAL_TIM_PWM_MspDeInit	16	static
../Core/Src/stm32f3xx_hal_msp.c:540:6:HAL_UART_MspInit	48	static
../Core/Src/stm32f3xx_hal_msp.c:579:6:HAL_UART_MspDeInit	16	static
../Core/Src/stm32f3xx_hal_msp.c:610:6:HAL_PCD_MspInit	48	static
../Core/Src/stm32f3xx_hal_msp.c:646:6:HAL_PCD_MspDeInit	16	static
